{
    "-profile test_cellpose": {
        "content": [
            8,
            {
                "RESOLVE_CELLPOSE": {
                    "sopa": "2.2.6",
                    "cellpose": "3.1.1.3"
                },
                "TO_SPATIALDATA": {
                    "sopa": "2.2.6",
                    "spatialdata": "0.7.3",
                    "spatialdata_io": "0.7.0"
                },
                "Workflow": {
                    "nf-core/sopa": "v1.0.0"
                }
            },
            [
                "pipeline_info",
                "pipeline_info/nf_core_sopa_software_versions.yml",
                "sample_name.explorer",
                "sample_name.explorer/adata.h5ad",
                "sample_name.explorer/analysis.zarr.zip",
                "sample_name.explorer/analysis_summary.html",
                "sample_name.explorer/cell_feature_matrix.zarr.zip",
                "sample_name.explorer/cells.zarr.zip",
                "sample_name.explorer/experiment.xenium",
                "sample_name.explorer/morphology.ome.tif",
                "sample_name.explorer/transcripts.zarr.zip",
                "sample_name.zarr",
                "sample_name.zarr/images",
                "sample_name.zarr/images/he_image",
                "sample_name.zarr/images/he_image/s0",
                "sample_name.zarr/images/he_image/s0/c",
                "sample_name.zarr/images/he_image/s0/c/0",
                "sample_name.zarr/images/he_image/s0/c/0/0",
                "sample_name.zarr/images/he_image/s0/c/0/0/0",
                "sample_name.zarr/images/he_image/s0/c/0/0/1",
                "sample_name.zarr/images/he_image/s0/c/0/0/2",
                "sample_name.zarr/images/he_image/s0/c/0/0/3",
                "sample_name.zarr/images/he_image/s0/c/0/1",
                "sample_name.zarr/images/he_image/s0/c/0/1/0",
                "sample_name.zarr/images/he_image/s0/c/0/1/1",
                "sample_name.zarr/images/he_image/s0/c/0/1/2",
                "sample_name.zarr/images/he_image/s0/c/0/1/3",
                "sample_name.zarr/images/he_image/s0/c/0/2",
                "sample_name.zarr/images/he_image/s0/c/0/2/0",
                "sample_name.zarr/images/he_image/s0/c/0/2/1",
                "sample_name.zarr/images/he_image/s0/c/0/2/2",
                "sample_name.zarr/images/he_image/s0/c/0/2/3",
                "sample_name.zarr/images/he_image/s0/c/0/3",
                "sample_name.zarr/images/he_image/s0/c/0/3/0",
                "sample_name.zarr/images/he_image/s0/c/0/3/1",
                "sample_name.zarr/images/he_image/s0/c/0/3/2",
                "sample_name.zarr/images/he_image/s0/c/0/3/3",
                "sample_name.zarr/images/he_image/s0/zarr.json",
                "sample_name.zarr/images/he_image/s1",
                "sample_name.zarr/images/he_image/s1/c",
                "sample_name.zarr/images/he_image/s1/c/0",
                "sample_name.zarr/images/he_image/s1/c/0/0",
                "sample_name.zarr/images/he_image/s1/c/0/0/0",
                "sample_name.zarr/images/he_image/s1/c/0/0/1",
                "sample_name.zarr/images/he_image/s1/c/0/1",
                "sample_name.zarr/images/he_image/s1/c/0/1/0",
                "sample_name.zarr/images/he_image/s1/c/0/1/1",
                "sample_name.zarr/images/he_image/s1/zarr.json",
                "sample_name.zarr/images/he_image/s2",
                "sample_name.zarr/images/he_image/s2/c",
                "sample_name.zarr/images/he_image/s2/c/0",
                "sample_name.zarr/images/he_image/s2/c/0/0",
                "sample_name.zarr/images/he_image/s2/c/0/0/0",
                "sample_name.zarr/images/he_image/s2/zarr.json",
                "sample_name.zarr/images/he_image/zarr.json",
                "sample_name.zarr/images/image",
                "sample_name.zarr/images/image/s0",
                "sample_name.zarr/images/image/s0/c",
                "sample_name.zarr/images/image/s0/c/0",
                "sample_name.zarr/images/image/s0/c/0/0",
                "sample_name.zarr/images/image/s0/c/0/0/0",
                "sample_name.zarr/images/image/s0/c/0/0/1",
                "sample_name.zarr/images/image/s0/c/0/1",
                "sample_name.zarr/images/image/s0/c/0/1/0",
                "sample_name.zarr/images/image/s0/c/0/1/1",
                "sample_name.zarr/images/image/s0/c/1",
                "sample_name.zarr/images/image/s0/c/1/0",
                "sample_name.zarr/images/image/s0/c/1/0/0",
                "sample_name.zarr/images/image/s0/c/1/0/1",
                "sample_name.zarr/images/image/s0/c/1/1",
                "sample_name.zarr/images/image/s0/c/1/1/0",
                "sample_name.zarr/images/image/s0/c/1/1/1",
                "sample_name.zarr/images/image/s0/c/2",
                "sample_name.zarr/images/image/s0/c/2/0",
                "sample_name.zarr/images/image/s0/c/2/0/0",
                "sample_name.zarr/images/image/s0/c/2/0/1",
                "sample_name.zarr/images/image/s0/c/2/1",
                "sample_name.zarr/images/image/s0/c/2/1/0",
                "sample_name.zarr/images/image/s0/c/2/1/1",
                "sample_name.zarr/images/image/s0/c/3",
                "sample_name.zarr/images/image/s0/c/3/0",
                "sample_name.zarr/images/image/s0/c/3/0/0",
                "sample_name.zarr/images/image/s0/c/3/0/1",
                "sample_name.zarr/images/image/s0/c/3/1",
                "sample_name.zarr/images/image/s0/c/3/1/0",
                "sample_name.zarr/images/image/s0/c/3/1/1",
                "sample_name.zarr/images/image/s0/zarr.json",
                "sample_name.zarr/images/image/zarr.json",
                "sample_name.zarr/images/zarr.json",
                "sample_name.zarr/points",
                "sample_name.zarr/points/transcripts",
                "sample_name.zarr/points/transcripts/points.parquet",
                "sample_name.zarr/points/transcripts/points.parquet/part.0.parquet",
                "sample_name.zarr/points/transcripts/zarr.json",
                "sample_name.zarr/points/zarr.json",
                "sample_name.zarr/shapes",
                "sample_name.zarr/shapes/cellpose_boundaries",
                "sample_name.zarr/shapes/cellpose_boundaries/shapes.parquet",
                "sample_name.zarr/shapes/cellpose_boundaries/zarr.json",
                "sample_name.zarr/shapes/cells",
                "sample_name.zarr/shapes/cells/shapes.parquet",
                "sample_name.zarr/shapes/cells/zarr.json",
                "sample_name.zarr/shapes/image_patches",
                "sample_name.zarr/shapes/image_patches/shapes.parquet",
                "sample_name.zarr/shapes/image_patches/zarr.json",
                "sample_name.zarr/shapes/zarr.json",
                "sample_name.zarr/tables",
                "sample_name.zarr/tables/table",
                "sample_name.zarr/tables/table/X",
                "sample_name.zarr/tables/table/X/data",
                "sample_name.zarr/tables/table/X/data/c",
                "sample_name.zarr/tables/table/X/data/c/0",
                "sample_name.zarr/tables/table/X/data/zarr.json",
                "sample_name.zarr/tables/table/X/indices",
                "sample_name.zarr/tables/table/X/indices/c",
                "sample_name.zarr/tables/table/X/indices/c/0",
                "sample_name.zarr/tables/table/X/indices/zarr.json",
                "sample_name.zarr/tables/table/X/indptr",
                "sample_name.zarr/tables/table/X/indptr/c",
                "sample_name.zarr/tables/table/X/indptr/c/0",
                "sample_name.zarr/tables/table/X/indptr/zarr.json",
                "sample_name.zarr/tables/table/X/zarr.json",
                "sample_name.zarr/tables/table/layers",
                "sample_name.zarr/tables/table/layers/zarr.json",
                "sample_name.zarr/tables/table/obs",
                "sample_name.zarr/tables/table/obs/_index",
                "sample_name.zarr/tables/table/obs/_index/c",
                "sample_name.zarr/tables/table/obs/_index/c/0",
                "sample_name.zarr/tables/table/obs/_index/zarr.json",
                "sample_name.zarr/tables/table/obs/area",
                "sample_name.zarr/tables/table/obs/area/c",
                "sample_name.zarr/tables/table/obs/area/c/0",
                "sample_name.zarr/tables/table/obs/area/zarr.json",
                "sample_name.zarr/tables/table/obs/cell_id",
                "sample_name.zarr/tables/table/obs/cell_id/c",
                "sample_name.zarr/tables/table/obs/cell_id/c/0",
                "sample_name.zarr/tables/table/obs/cell_id/zarr.json",
                "sample_name.zarr/tables/table/obs/region",
                "sample_name.zarr/tables/table/obs/region/categories",
                "sample_name.zarr/tables/table/obs/region/categories/c",
                "sample_name.zarr/tables/table/obs/region/categories/c/0",
                "sample_name.zarr/tables/table/obs/region/categories/zarr.json",
                "sample_name.zarr/tables/table/obs/region/codes",
                "sample_name.zarr/tables/table/obs/region/codes/zarr.json",
                "sample_name.zarr/tables/table/obs/region/zarr.json",
                "sample_name.zarr/tables/table/obs/slide",
                "sample_name.zarr/tables/table/obs/slide/categories",
                "sample_name.zarr/tables/table/obs/slide/categories/c",
                "sample_name.zarr/tables/table/obs/slide/categories/c/0",
                "sample_name.zarr/tables/table/obs/slide/categories/zarr.json",
                "sample_name.zarr/tables/table/obs/slide/codes",
                "sample_name.zarr/tables/table/obs/slide/codes/zarr.json",
                "sample_name.zarr/tables/table/obs/slide/zarr.json",
                "sample_name.zarr/tables/table/obs/zarr.json",
                "sample_name.zarr/tables/table/obsm",
                "sample_name.zarr/tables/table/obsm/intensities",
                "sample_name.zarr/tables/table/obsm/intensities/CD20",
                "sample_name.zarr/tables/table/obsm/intensities/CD20/c",
                "sample_name.zarr/tables/table/obsm/intensities/CD20/c/0",
                "sample_name.zarr/tables/table/obsm/intensities/CD20/zarr.json",
                "sample_name.zarr/tables/table/obsm/intensities/CD3",
                "sample_name.zarr/tables/table/obsm/intensities/CD3/c",
                "sample_name.zarr/tables/table/obsm/intensities/CD3/c/0",
                "sample_name.zarr/tables/table/obsm/intensities/CD3/zarr.json",
                "sample_name.zarr/tables/table/obsm/intensities/CK",
                "sample_name.zarr/tables/table/obsm/intensities/CK/c",
                "sample_name.zarr/tables/table/obsm/intensities/CK/c/0",
                "sample_name.zarr/tables/table/obsm/intensities/CK/zarr.json",
                "sample_name.zarr/tables/table/obsm/intensities/DAPI",
                "sample_name.zarr/tables/table/obsm/intensities/DAPI/c",
                "sample_name.zarr/tables/table/obsm/intensities/DAPI/c/0",
                "sample_name.zarr/tables/table/obsm/intensities/DAPI/zarr.json",
                "sample_name.zarr/tables/table/obsm/intensities/_index",
                "sample_name.zarr/tables/table/obsm/intensities/_index/c",
                "sample_name.zarr/tables/table/obsm/intensities/_index/c/0",
                "sample_name.zarr/tables/table/obsm/intensities/_index/zarr.json",
                "sample_name.zarr/tables/table/obsm/intensities/zarr.json",
                "sample_name.zarr/tables/table/obsm/spatial",
                "sample_name.zarr/tables/table/obsm/spatial/c",
                "sample_name.zarr/tables/table/obsm/spatial/c/0",
                "sample_name.zarr/tables/table/obsm/spatial/c/0/0",
                "sample_name.zarr/tables/table/obsm/spatial/zarr.json",
                "sample_name.zarr/tables/table/obsm/zarr.json",
                "sample_name.zarr/tables/table/obsp",
                "sample_name.zarr/tables/table/obsp/zarr.json",
                "sample_name.zarr/tables/table/raw",
                "sample_name.zarr/tables/table/raw/zarr.json",
                "sample_name.zarr/tables/table/uns",
                "sample_name.zarr/tables/table/uns/sopa_attrs",
                "sample_name.zarr/tables/table/uns/sopa_attrs/intensities",
                "sample_name.zarr/tables/table/uns/sopa_attrs/intensities/c",
                "sample_name.zarr/tables/table/uns/sopa_attrs/intensities/zarr.json",
                "sample_name.zarr/tables/table/uns/sopa_attrs/transcripts",
                "sample_name.zarr/tables/table/uns/sopa_attrs/transcripts/c",
                "sample_name.zarr/tables/table/uns/sopa_attrs/transcripts/zarr.json",
                "sample_name.zarr/tables/table/uns/sopa_attrs/zarr.json",
                "sample_name.zarr/tables/table/uns/spatialdata_attrs",
                "sample_name.zarr/tables/table/uns/spatialdata_attrs/instance_key",
                "sample_name.zarr/tables/table/uns/spatialdata_attrs/instance_key/c",
                "sample_name.zarr/tables/table/uns/spatialdata_attrs/instance_key/zarr.json",
                "sample_name.zarr/tables/table/uns/spatialdata_attrs/region",
                "sample_name.zarr/tables/table/uns/spatialdata_attrs/region/c",
                "sample_name.zarr/tables/table/uns/spatialdata_attrs/region/zarr.json",
                "sample_name.zarr/tables/table/uns/spatialdata_attrs/region_key",
                "sample_name.zarr/tables/table/uns/spatialdata_attrs/region_key/c",
                "sample_name.zarr/tables/table/uns/spatialdata_attrs/region_key/zarr.json",
                "sample_name.zarr/tables/table/uns/spatialdata_attrs/zarr.json",
                "sample_name.zarr/tables/table/uns/zarr.json",
                "sample_name.zarr/tables/table/var",
                "sample_name.zarr/tables/table/var/_index",
                "sample_name.zarr/tables/table/var/_index/c",
                "sample_name.zarr/tables/table/var/_index/c/0",
                "sample_name.zarr/tables/table/var/_index/zarr.json",
                "sample_name.zarr/tables/table/var/zarr.json",
                "sample_name.zarr/tables/table/varm",
                "sample_name.zarr/tables/table/varm/zarr.json",
                "sample_name.zarr/tables/table/varp",
                "sample_name.zarr/tables/table/varp/zarr.json",
                "sample_name.zarr/tables/table/zarr.json",
                "sample_name.zarr/tables/zarr.json",
                "sample_name.zarr/zarr.json"
            ],
            [
                "zarr.json:md5,396fe0413abf5a69eb99b91122a7cd13",
                "zarr.json:md5,ceee037026a1a9fac1aa6f7878220354",
                "zarr.json:md5,0cf13796ae1b52418b42df8cda174467",
                "zarr.json:md5,99747ee8265efabcd79d9870e432d521",
                "zarr.json:md5,8a2e1e5e6756851fecc0025e18af4f9f",
                "zarr.json:md5,6d5819adc994a7c58b6a30dc07fa8f82",
                "zarr.json:md5,457126c0639af2eba0140851c39c1aad",
                "zarr.json:md5,cec0c4d72a59c07f5e30dc2d71b41581",
                "zarr.json:md5,457126c0639af2eba0140851c39c1aad",
                "zarr.json:md5,41794a46835cfd9cc1ada843bf21e42f",
                "zarr.json:md5,41794a46835cfd9cc1ada843bf21e42f",
                "zarr.json:md5,41794a46835cfd9cc1ada843bf21e42f",
                "zarr.json:md5,457126c0639af2eba0140851c39c1aad",
                "zarr.json:md5,457126c0639af2eba0140851c39c1aad",
                "zarr.json:md5,75fc3c645fdba97d91a324bca4d2ccdb"
            ]
        ],
        "timestamp": "2026-05-22T13:29:18.191",
        "meta": {
            "nf-test": "0.9.5",
            "nextflow": "25.10.2"
        }
    }
}