{
    "-profile test": {
        "content": [
            9,
            {
                "Workflow": {
                    "nf-core/sopa": "v1.0.0dev"
                }
            },
            [
                "pipeline_info",
                "pipeline_info/nf_core_sopa_software_mqc_versions.yml",
                "sample1.explorer",
                "sample1.explorer/adata.h5ad",
                "sample1.explorer/analysis.zarr.zip",
                "sample1.explorer/analysis_summary.html",
                "sample1.explorer/cell_feature_matrix.zarr.zip",
                "sample1.explorer/cells.zarr.zip",
                "sample1.explorer/experiment.xenium",
                "sample1.explorer/morphology.ome.tif",
                "sample1.explorer/transcripts.zarr.zip",
                "sample1.zarr",
                "sample1.zarr/.zattrs",
                "sample1.zarr/.zgroup",
                "sample1.zarr/images",
                "sample1.zarr/images/.zgroup",
                "sample1.zarr/images/he_image",
                "sample1.zarr/images/he_image/.zattrs",
                "sample1.zarr/images/he_image/.zgroup",
                "sample1.zarr/images/he_image/0",
                "sample1.zarr/images/he_image/0/.zarray",
                "sample1.zarr/images/he_image/0/0",
                "sample1.zarr/images/he_image/0/0/0",
                "sample1.zarr/images/he_image/0/0/0/0",
                "sample1.zarr/images/he_image/0/0/0/1",
                "sample1.zarr/images/he_image/0/0/0/2",
                "sample1.zarr/images/he_image/0/0/0/3",
                "sample1.zarr/images/he_image/0/0/1",
                "sample1.zarr/images/he_image/0/0/1/0",
                "sample1.zarr/images/he_image/0/0/1/1",
                "sample1.zarr/images/he_image/0/0/1/2",
                "sample1.zarr/images/he_image/0/0/1/3",
                "sample1.zarr/images/he_image/0/0/2",
                "sample1.zarr/images/he_image/0/0/2/0",
                "sample1.zarr/images/he_image/0/0/2/1",
                "sample1.zarr/images/he_image/0/0/2/2",
                "sample1.zarr/images/he_image/0/0/2/3",
                "sample1.zarr/images/he_image/0/0/3",
                "sample1.zarr/images/he_image/0/0/3/0",
                "sample1.zarr/images/he_image/0/0/3/1",
                "sample1.zarr/images/he_image/0/0/3/2",
                "sample1.zarr/images/he_image/0/0/3/3",
                "sample1.zarr/images/he_image/1",
                "sample1.zarr/images/he_image/1/.zarray",
                "sample1.zarr/images/he_image/1/0",
                "sample1.zarr/images/he_image/1/0/0",
                "sample1.zarr/images/he_image/1/0/0/0",
                "sample1.zarr/images/he_image/1/0/0/1",
                "sample1.zarr/images/he_image/1/0/1",
                "sample1.zarr/images/he_image/1/0/1/0",
                "sample1.zarr/images/he_image/1/0/1/1",
                "sample1.zarr/images/he_image/2",
                "sample1.zarr/images/he_image/2/.zarray",
                "sample1.zarr/images/he_image/2/0",
                "sample1.zarr/images/he_image/2/0/0",
                "sample1.zarr/images/he_image/2/0/0/0",
                "sample1.zarr/images/image",
                "sample1.zarr/images/image/.zattrs",
                "sample1.zarr/images/image/.zgroup",
                "sample1.zarr/images/image/0",
                "sample1.zarr/images/image/0/.zarray",
                "sample1.zarr/images/image/0/0",
                "sample1.zarr/images/image/0/0/0",
                "sample1.zarr/images/image/0/0/0/0",
                "sample1.zarr/images/image/0/0/0/1",
                "sample1.zarr/images/image/0/0/1",
                "sample1.zarr/images/image/0/0/1/0",
                "sample1.zarr/images/image/0/0/1/1",
                "sample1.zarr/images/image/0/1",
                "sample1.zarr/images/image/0/1/0",
                "sample1.zarr/images/image/0/1/0/0",
                "sample1.zarr/images/image/0/1/0/1",
                "sample1.zarr/images/image/0/1/1",
                "sample1.zarr/images/image/0/1/1/0",
                "sample1.zarr/images/image/0/1/1/1",
                "sample1.zarr/images/image/0/2",
                "sample1.zarr/images/image/0/2/0",
                "sample1.zarr/images/image/0/2/0/0",
                "sample1.zarr/images/image/0/2/0/1",
                "sample1.zarr/images/image/0/2/1",
                "sample1.zarr/images/image/0/2/1/0",
                "sample1.zarr/images/image/0/2/1/1",
                "sample1.zarr/images/image/0/3",
                "sample1.zarr/images/image/0/3/0",
                "sample1.zarr/images/image/0/3/0/0",
                "sample1.zarr/images/image/0/3/0/1",
                "sample1.zarr/images/image/0/3/1",
                "sample1.zarr/images/image/0/3/1/0",
                "sample1.zarr/images/image/0/3/1/1",
                "sample1.zarr/points",
                "sample1.zarr/points/.zgroup",
                "sample1.zarr/points/transcripts",
                "sample1.zarr/points/transcripts/.zattrs",
                "sample1.zarr/points/transcripts/.zgroup",
                "sample1.zarr/points/transcripts/points.parquet",
                "sample1.zarr/points/transcripts/points.parquet/part.0.parquet",
                "sample1.zarr/shapes",
                "sample1.zarr/shapes/.zgroup",
                "sample1.zarr/shapes/baysor_boundaries",
                "sample1.zarr/shapes/baysor_boundaries/.zattrs",
                "sample1.zarr/shapes/baysor_boundaries/.zgroup",
                "sample1.zarr/shapes/baysor_boundaries/shapes.parquet",
                "sample1.zarr/shapes/cells",
                "sample1.zarr/shapes/cells/.zattrs",
                "sample1.zarr/shapes/cells/.zgroup",
                "sample1.zarr/shapes/cells/shapes.parquet",
                "sample1.zarr/shapes/transcripts_patches",
                "sample1.zarr/shapes/transcripts_patches/.zattrs",
                "sample1.zarr/shapes/transcripts_patches/.zgroup",
                "sample1.zarr/shapes/transcripts_patches/shapes.parquet",
                "sample1.zarr/tables",
                "sample1.zarr/tables/.zgroup",
                "sample1.zarr/tables/table",
                "sample1.zarr/tables/table/.zattrs",
                "sample1.zarr/tables/table/.zgroup",
                "sample1.zarr/tables/table/X",
                "sample1.zarr/tables/table/X/.zattrs",
                "sample1.zarr/tables/table/X/.zgroup",
                "sample1.zarr/tables/table/X/data",
                "sample1.zarr/tables/table/X/data/.zarray",
                "sample1.zarr/tables/table/X/data/0",
                "sample1.zarr/tables/table/X/indices",
                "sample1.zarr/tables/table/X/indices/.zarray",
                "sample1.zarr/tables/table/X/indices/0",
                "sample1.zarr/tables/table/X/indptr",
                "sample1.zarr/tables/table/X/indptr/.zarray",
                "sample1.zarr/tables/table/X/indptr/0",
                "sample1.zarr/tables/table/layers",
                "sample1.zarr/tables/table/layers/.zattrs",
                "sample1.zarr/tables/table/layers/.zgroup",
                "sample1.zarr/tables/table/obs",
                "sample1.zarr/tables/table/obs/.zattrs",
                "sample1.zarr/tables/table/obs/.zgroup",
                "sample1.zarr/tables/table/obs/_index",
                "sample1.zarr/tables/table/obs/_index/.zarray",
                "sample1.zarr/tables/table/obs/_index/.zattrs",
                "sample1.zarr/tables/table/obs/_index/0",
                "sample1.zarr/tables/table/obs/area",
                "sample1.zarr/tables/table/obs/area/.zarray",
                "sample1.zarr/tables/table/obs/area/.zattrs",
                "sample1.zarr/tables/table/obs/area/0",
                "sample1.zarr/tables/table/obs/avg_assignment_confidence",
                "sample1.zarr/tables/table/obs/avg_assignment_confidence/.zarray",
                "sample1.zarr/tables/table/obs/avg_assignment_confidence/.zattrs",
                "sample1.zarr/tables/table/obs/avg_assignment_confidence/0",
                "sample1.zarr/tables/table/obs/avg_confidence",
                "sample1.zarr/tables/table/obs/avg_confidence/.zarray",
                "sample1.zarr/tables/table/obs/avg_confidence/.zattrs",
                "sample1.zarr/tables/table/obs/avg_confidence/0",
                "sample1.zarr/tables/table/obs/baysor_area",
                "sample1.zarr/tables/table/obs/baysor_area/.zarray",
                "sample1.zarr/tables/table/obs/baysor_area/.zattrs",
                "sample1.zarr/tables/table/obs/baysor_area/0",
                "sample1.zarr/tables/table/obs/cell_id",
                "sample1.zarr/tables/table/obs/cell_id/.zarray",
                "sample1.zarr/tables/table/obs/cell_id/.zattrs",
                "sample1.zarr/tables/table/obs/cell_id/0",
                "sample1.zarr/tables/table/obs/cluster",
                "sample1.zarr/tables/table/obs/cluster/.zarray",
                "sample1.zarr/tables/table/obs/cluster/.zattrs",
                "sample1.zarr/tables/table/obs/cluster/0",
                "sample1.zarr/tables/table/obs/density",
                "sample1.zarr/tables/table/obs/density/.zarray",
                "sample1.zarr/tables/table/obs/density/.zattrs",
                "sample1.zarr/tables/table/obs/density/0",
                "sample1.zarr/tables/table/obs/elongation",
                "sample1.zarr/tables/table/obs/elongation/.zarray",
                "sample1.zarr/tables/table/obs/elongation/.zattrs",
                "sample1.zarr/tables/table/obs/elongation/0",
                "sample1.zarr/tables/table/obs/lifespan",
                "sample1.zarr/tables/table/obs/lifespan/.zarray",
                "sample1.zarr/tables/table/obs/lifespan/.zattrs",
                "sample1.zarr/tables/table/obs/lifespan/0",
                "sample1.zarr/tables/table/obs/max_cluster_frac",
                "sample1.zarr/tables/table/obs/max_cluster_frac/.zarray",
                "sample1.zarr/tables/table/obs/max_cluster_frac/.zattrs",
                "sample1.zarr/tables/table/obs/max_cluster_frac/0",
                "sample1.zarr/tables/table/obs/n_transcripts",
                "sample1.zarr/tables/table/obs/n_transcripts/.zarray",
                "sample1.zarr/tables/table/obs/n_transcripts/.zattrs",
                "sample1.zarr/tables/table/obs/n_transcripts/0",
                "sample1.zarr/tables/table/obs/region",
                "sample1.zarr/tables/table/obs/region/.zattrs",
                "sample1.zarr/tables/table/obs/region/.zgroup",
                "sample1.zarr/tables/table/obs/region/categories",
                "sample1.zarr/tables/table/obs/region/categories/.zarray",
                "sample1.zarr/tables/table/obs/region/categories/.zattrs",
                "sample1.zarr/tables/table/obs/region/categories/0",
                "sample1.zarr/tables/table/obs/region/codes",
                "sample1.zarr/tables/table/obs/region/codes/.zarray",
                "sample1.zarr/tables/table/obs/region/codes/.zattrs",
                "sample1.zarr/tables/table/obs/region/codes/0",
                "sample1.zarr/tables/table/obs/slide",
                "sample1.zarr/tables/table/obs/slide/.zattrs",
                "sample1.zarr/tables/table/obs/slide/.zgroup",
                "sample1.zarr/tables/table/obs/slide/categories",
                "sample1.zarr/tables/table/obs/slide/categories/.zarray",
                "sample1.zarr/tables/table/obs/slide/categories/.zattrs",
                "sample1.zarr/tables/table/obs/slide/categories/0",
                "sample1.zarr/tables/table/obs/slide/codes",
                "sample1.zarr/tables/table/obs/slide/codes/.zarray",
                "sample1.zarr/tables/table/obs/slide/codes/.zattrs",
                "sample1.zarr/tables/table/obs/slide/codes/0",
                "sample1.zarr/tables/table/obs/x",
                "sample1.zarr/tables/table/obs/x/.zarray",
                "sample1.zarr/tables/table/obs/x/.zattrs",
                "sample1.zarr/tables/table/obs/x/0",
                "sample1.zarr/tables/table/obs/y",
                "sample1.zarr/tables/table/obs/y/.zarray",
                "sample1.zarr/tables/table/obs/y/.zattrs",
                "sample1.zarr/tables/table/obs/y/0",
                "sample1.zarr/tables/table/obsm",
                "sample1.zarr/tables/table/obsm/.zattrs",
                "sample1.zarr/tables/table/obsm/.zgroup",
                "sample1.zarr/tables/table/obsm/intensities",
                "sample1.zarr/tables/table/obsm/intensities/.zattrs",
                "sample1.zarr/tables/table/obsm/intensities/.zgroup",
                "sample1.zarr/tables/table/obsm/intensities/CD20",
                "sample1.zarr/tables/table/obsm/intensities/CD20/.zarray",
                "sample1.zarr/tables/table/obsm/intensities/CD20/.zattrs",
                "sample1.zarr/tables/table/obsm/intensities/CD20/0",
                "sample1.zarr/tables/table/obsm/intensities/CD3",
                "sample1.zarr/tables/table/obsm/intensities/CD3/.zarray",
                "sample1.zarr/tables/table/obsm/intensities/CD3/.zattrs",
                "sample1.zarr/tables/table/obsm/intensities/CD3/0",
                "sample1.zarr/tables/table/obsm/intensities/CK",
                "sample1.zarr/tables/table/obsm/intensities/CK/.zarray",
                "sample1.zarr/tables/table/obsm/intensities/CK/.zattrs",
                "sample1.zarr/tables/table/obsm/intensities/CK/0",
                "sample1.zarr/tables/table/obsm/intensities/DAPI",
                "sample1.zarr/tables/table/obsm/intensities/DAPI/.zarray",
                "sample1.zarr/tables/table/obsm/intensities/DAPI/.zattrs",
                "sample1.zarr/tables/table/obsm/intensities/DAPI/0",
                "sample1.zarr/tables/table/obsm/intensities/_index",
                "sample1.zarr/tables/table/obsm/intensities/_index/.zarray",
                "sample1.zarr/tables/table/obsm/intensities/_index/.zattrs",
                "sample1.zarr/tables/table/obsm/intensities/_index/0",
                "sample1.zarr/tables/table/obsm/spatial",
                "sample1.zarr/tables/table/obsm/spatial/.zarray",
                "sample1.zarr/tables/table/obsm/spatial/.zattrs",
                "sample1.zarr/tables/table/obsm/spatial/0",
                "sample1.zarr/tables/table/obsm/spatial/0/0",
                "sample1.zarr/tables/table/obsp",
                "sample1.zarr/tables/table/obsp/.zattrs",
                "sample1.zarr/tables/table/obsp/.zgroup",
                "sample1.zarr/tables/table/uns",
                "sample1.zarr/tables/table/uns/.zattrs",
                "sample1.zarr/tables/table/uns/.zgroup",
                "sample1.zarr/tables/table/uns/sopa_attrs",
                "sample1.zarr/tables/table/uns/sopa_attrs/.zattrs",
                "sample1.zarr/tables/table/uns/sopa_attrs/.zgroup",
                "sample1.zarr/tables/table/uns/sopa_attrs/intensities",
                "sample1.zarr/tables/table/uns/sopa_attrs/intensities/.zarray",
                "sample1.zarr/tables/table/uns/sopa_attrs/intensities/.zattrs",
                "sample1.zarr/tables/table/uns/sopa_attrs/intensities/0",
                "sample1.zarr/tables/table/uns/sopa_attrs/transcripts",
                "sample1.zarr/tables/table/uns/sopa_attrs/transcripts/.zarray",
                "sample1.zarr/tables/table/uns/sopa_attrs/transcripts/.zattrs",
                "sample1.zarr/tables/table/uns/sopa_attrs/transcripts/0",
                "sample1.zarr/tables/table/uns/spatialdata_attrs",
                "sample1.zarr/tables/table/uns/spatialdata_attrs/.zattrs",
                "sample1.zarr/tables/table/uns/spatialdata_attrs/.zgroup",
                "sample1.zarr/tables/table/uns/spatialdata_attrs/instance_key",
                "sample1.zarr/tables/table/uns/spatialdata_attrs/instance_key/.zarray",
                "sample1.zarr/tables/table/uns/spatialdata_attrs/instance_key/.zattrs",
                "sample1.zarr/tables/table/uns/spatialdata_attrs/instance_key/0",
                "sample1.zarr/tables/table/uns/spatialdata_attrs/region",
                "sample1.zarr/tables/table/uns/spatialdata_attrs/region/.zarray",
                "sample1.zarr/tables/table/uns/spatialdata_attrs/region/.zattrs",
                "sample1.zarr/tables/table/uns/spatialdata_attrs/region/0",
                "sample1.zarr/tables/table/uns/spatialdata_attrs/region_key",
                "sample1.zarr/tables/table/uns/spatialdata_attrs/region_key/.zarray",
                "sample1.zarr/tables/table/uns/spatialdata_attrs/region_key/.zattrs",
                "sample1.zarr/tables/table/uns/spatialdata_attrs/region_key/0",
                "sample1.zarr/tables/table/var",
                "sample1.zarr/tables/table/var/.zattrs",
                "sample1.zarr/tables/table/var/.zgroup",
                "sample1.zarr/tables/table/var/Name",
                "sample1.zarr/tables/table/var/Name/.zarray",
                "sample1.zarr/tables/table/var/Name/.zattrs",
                "sample1.zarr/tables/table/var/Name/0",
                "sample1.zarr/tables/table/varm",
                "sample1.zarr/tables/table/varm/.zattrs",
                "sample1.zarr/tables/table/varm/.zgroup",
                "sample1.zarr/tables/table/varp",
                "sample1.zarr/tables/table/varp/.zattrs",
                "sample1.zarr/tables/table/varp/.zgroup",
                "sample1.zarr/zmetadata"
            ],
            [
                ".zgroup:md5,e20297935e73dd0154104d4ea53040ab",
                ".zgroup:md5,e20297935e73dd0154104d4ea53040ab",
                ".zgroup:md5,e20297935e73dd0154104d4ea53040ab",
                ".zgroup:md5,e20297935e73dd0154104d4ea53040ab",
                ".zgroup:md5,e20297935e73dd0154104d4ea53040ab",
                ".zgroup:md5,e20297935e73dd0154104d4ea53040ab",
                ".zgroup:md5,e20297935e73dd0154104d4ea53040ab",
                ".zgroup:md5,e20297935e73dd0154104d4ea53040ab",
                ".zgroup:md5,e20297935e73dd0154104d4ea53040ab",
                ".zgroup:md5,e20297935e73dd0154104d4ea53040ab",
                ".zgroup:md5,e20297935e73dd0154104d4ea53040ab",
                ".zgroup:md5,e20297935e73dd0154104d4ea53040ab",
                ".zgroup:md5,e20297935e73dd0154104d4ea53040ab",
                ".zgroup:md5,e20297935e73dd0154104d4ea53040ab",
                ".zgroup:md5,e20297935e73dd0154104d4ea53040ab",
                ".zgroup:md5,e20297935e73dd0154104d4ea53040ab",
                ".zgroup:md5,e20297935e73dd0154104d4ea53040ab",
                ".zgroup:md5,e20297935e73dd0154104d4ea53040ab",
                ".zgroup:md5,e20297935e73dd0154104d4ea53040ab",
                ".zgroup:md5,e20297935e73dd0154104d4ea53040ab",
                ".zgroup:md5,e20297935e73dd0154104d4ea53040ab",
                ".zgroup:md5,e20297935e73dd0154104d4ea53040ab",
                ".zgroup:md5,e20297935e73dd0154104d4ea53040ab",
                ".zgroup:md5,e20297935e73dd0154104d4ea53040ab",
                ".zgroup:md5,e20297935e73dd0154104d4ea53040ab",
                ".zgroup:md5,e20297935e73dd0154104d4ea53040ab",
                "zmetadata:md5,9d5c0fa793978ffc16fb325d7531da7f"
            ]
        ],
        "meta": {
            "nf-test": "0.9.2",
            "nextflow": "25.04.6"
        },
        "timestamp": "2025-07-16T10:31:56.790814"
    }
}