{
    "-profile test": {
        "content": [
            9,
            {
                "Workflow": {
                    "nf-core/sopa": "v1.0.0dev"
                }
            },
            [
                "pipeline_info",
                "pipeline_info/nf_core_sopa_software_mqc_versions.yml",
                "sample1.explorer",
                "sample1.explorer/adata.h5ad",
                "sample1.explorer/analysis.zarr.zip",
                "sample1.explorer/analysis_summary.html",
                "sample1.explorer/cell_feature_matrix.zarr.zip",
                "sample1.explorer/cells.zarr.zip",
                "sample1.explorer/experiment.xenium",
                "sample1.explorer/morphology.ome.tif",
                "sample1.explorer/transcripts.zarr.zip",
                "sample1.zarr",
                "sample1.zarr/.zattrs",
                "sample1.zarr/.zgroup",
                "sample1.zarr/images",
                "sample1.zarr/images/.zgroup",
                "sample1.zarr/images/he_image",
                "sample1.zarr/images/he_image/.zattrs",
                "sample1.zarr/images/he_image/.zgroup",
                "sample1.zarr/images/he_image/0",
                "sample1.zarr/images/he_image/0/.zarray",
                "sample1.zarr/images/he_image/0/0",
                "sample1.zarr/images/he_image/0/0/0",
                "sample1.zarr/images/he_image/0/0/0/0",
                "sample1.zarr/images/he_image/0/0/0/1",
                "sample1.zarr/images/he_image/0/0/0/2",
                "sample1.zarr/images/he_image/0/0/0/3",
                "sample1.zarr/images/he_image/0/0/1",
                "sample1.zarr/images/he_image/0/0/1/0",
                "sample1.zarr/images/he_image/0/0/1/1",
                "sample1.zarr/images/he_image/0/0/1/2",
                "sample1.zarr/images/he_image/0/0/1/3",
                "sample1.zarr/images/he_image/0/0/2",
                "sample1.zarr/images/he_image/0/0/2/0",
                "sample1.zarr/images/he_image/0/0/2/1",
                "sample1.zarr/images/he_image/0/0/2/2",
                "sample1.zarr/images/he_image/0/0/2/3",
                "sample1.zarr/images/he_image/0/0/3",
                "sample1.zarr/images/he_image/0/0/3/0",
                "sample1.zarr/images/he_image/0/0/3/1",
                "sample1.zarr/images/he_image/0/0/3/2",
                "sample1.zarr/images/he_image/0/0/3/3",
                "sample1.zarr/images/he_image/1",
                "sample1.zarr/images/he_image/1/.zarray",
                "sample1.zarr/images/he_image/1/0",
                "sample1.zarr/images/he_image/1/0/0",
                "sample1.zarr/images/he_image/1/0/0/0",
                "sample1.zarr/images/he_image/1/0/0/1",
                "sample1.zarr/images/he_image/1/0/1",
                "sample1.zarr/images/he_image/1/0/1/0",
                "sample1.zarr/images/he_image/1/0/1/1",
                "sample1.zarr/images/he_image/2",
                "sample1.zarr/images/he_image/2/.zarray",
                "sample1.zarr/images/he_image/2/0",
                "sample1.zarr/images/he_image/2/0/0",
                "sample1.zarr/images/he_image/2/0/0/0",
                "sample1.zarr/images/image",
                "sample1.zarr/images/image/.zattrs",
                "sample1.zarr/images/image/.zgroup",
                "sample1.zarr/images/image/0",
                "sample1.zarr/images/image/0/.zarray",
                "sample1.zarr/images/image/0/0",
                "sample1.zarr/images/image/0/0/0",
                "sample1.zarr/images/image/0/0/0/0",
                "sample1.zarr/images/image/0/0/0/1",
                "sample1.zarr/images/image/0/0/1",
                "sample1.zarr/images/image/0/0/1/0",
                "sample1.zarr/images/image/0/0/1/1",
                "sample1.zarr/images/image/0/1",
                "sample1.zarr/images/image/0/1/0",
                "sample1.zarr/images/image/0/1/0/0",
                "sample1.zarr/images/image/0/1/0/1",
                "sample1.zarr/images/image/0/1/1",
                "sample1.zarr/images/image/0/1/1/0",
                "sample1.zarr/images/image/0/1/1/1",
                "sample1.zarr/images/image/0/2",
                "sample1.zarr/images/image/0/2/0",
                "sample1.zarr/images/image/0/2/0/0",
                "sample1.zarr/images/image/0/2/0/1",
                "sample1.zarr/images/image/0/2/1",
                "sample1.zarr/images/image/0/2/1/0",
                "sample1.zarr/images/image/0/2/1/1",
                "sample1.zarr/images/image/0/3",
                "sample1.zarr/images/image/0/3/0",
                "sample1.zarr/images/image/0/3/0/0",
                "sample1.zarr/images/image/0/3/0/1",
                "sample1.zarr/images/image/0/3/1",
                "sample1.zarr/images/image/0/3/1/0",
                "sample1.zarr/images/image/0/3/1/1",
                "sample1.zarr/points",
                "sample1.zarr/points/.zgroup",
                "sample1.zarr/points/misc",
                "sample1.zarr/points/misc/.zattrs",
                "sample1.zarr/points/misc/.zgroup",
                "sample1.zarr/points/misc/points.parquet",
                "sample1.zarr/points/misc/points.parquet/part.0.parquet",
                "sample1.zarr/points/transcripts",
                "sample1.zarr/points/transcripts/.zattrs",
                "sample1.zarr/points/transcripts/.zgroup",
                "sample1.zarr/points/transcripts/points.parquet",
                "sample1.zarr/points/transcripts/points.parquet/part.0.parquet",
                "sample1.zarr/shapes",
                "sample1.zarr/shapes/.zgroup",
                "sample1.zarr/shapes/baysor_boundaries",
                "sample1.zarr/shapes/baysor_boundaries/.zattrs",
                "sample1.zarr/shapes/baysor_boundaries/.zgroup",
                "sample1.zarr/shapes/baysor_boundaries/shapes.parquet",
                "sample1.zarr/shapes/cells",
                "sample1.zarr/shapes/cells/.zattrs",
                "sample1.zarr/shapes/cells/.zgroup",
                "sample1.zarr/shapes/cells/shapes.parquet",
                "sample1.zarr/shapes/transcripts_patches",
                "sample1.zarr/shapes/transcripts_patches/.zattrs",
                "sample1.zarr/shapes/transcripts_patches/.zgroup",
                "sample1.zarr/shapes/transcripts_patches/shapes.parquet",
                "sample1.zarr/tables",
                "sample1.zarr/tables/.zgroup",
                "sample1.zarr/tables/table",
                "sample1.zarr/tables/table/.zattrs",
                "sample1.zarr/tables/table/.zgroup",
                "sample1.zarr/tables/table/X",
                "sample1.zarr/tables/table/X/.zattrs",
                "sample1.zarr/tables/table/X/.zgroup",
                "sample1.zarr/tables/table/X/data",
                "sample1.zarr/tables/table/X/data/.zarray",
                "sample1.zarr/tables/table/X/data/0",
                "sample1.zarr/tables/table/X/indices",
                "sample1.zarr/tables/table/X/indices/.zarray",
                "sample1.zarr/tables/table/X/indices/0",
                "sample1.zarr/tables/table/X/indptr",
                "sample1.zarr/tables/table/X/indptr/.zarray",
                "sample1.zarr/tables/table/X/indptr/0",
                "sample1.zarr/tables/table/layers",
                "sample1.zarr/tables/table/layers/.zattrs",
                "sample1.zarr/tables/table/layers/.zgroup",
                "sample1.zarr/tables/table/obs",
                "sample1.zarr/tables/table/obs/.zattrs",
                "sample1.zarr/tables/table/obs/.zgroup",
                "sample1.zarr/tables/table/obs/_index",
                "sample1.zarr/tables/table/obs/_index/.zarray",
                "sample1.zarr/tables/table/obs/_index/.zattrs",
                "sample1.zarr/tables/table/obs/_index/0",
                "sample1.zarr/tables/table/obs/area",
                "sample1.zarr/tables/table/obs/area/.zarray",
                "sample1.zarr/tables/table/obs/area/.zattrs",
                "sample1.zarr/tables/table/obs/area/0",
                "sample1.zarr/tables/table/obs/avg_assignment_confidence",
                "sample1.zarr/tables/table/obs/avg_assignment_confidence/.zarray",
                "sample1.zarr/tables/table/obs/avg_assignment_confidence/.zattrs",
                "sample1.zarr/tables/table/obs/avg_assignment_confidence/0",
                "sample1.zarr/tables/table/obs/avg_confidence",
                "sample1.zarr/tables/table/obs/avg_confidence/.zarray",
                "sample1.zarr/tables/table/obs/avg_confidence/.zattrs",
                "sample1.zarr/tables/table/obs/avg_confidence/0",
                "sample1.zarr/tables/table/obs/baysor_area",
                "sample1.zarr/tables/table/obs/baysor_area/.zarray",
                "sample1.zarr/tables/table/obs/baysor_area/.zattrs",
                "sample1.zarr/tables/table/obs/baysor_area/0",
                "sample1.zarr/tables/table/obs/cell_id",
                "sample1.zarr/tables/table/obs/cell_id/.zarray",
                "sample1.zarr/tables/table/obs/cell_id/.zattrs",
                "sample1.zarr/tables/table/obs/cell_id/0",
                "sample1.zarr/tables/table/obs/cluster",
                "sample1.zarr/tables/table/obs/cluster/.zarray",
                "sample1.zarr/tables/table/obs/cluster/.zattrs",
                "sample1.zarr/tables/table/obs/cluster/0",
                "sample1.zarr/tables/table/obs/density",
                "sample1.zarr/tables/table/obs/density/.zarray",
                "sample1.zarr/tables/table/obs/density/.zattrs",
                "sample1.zarr/tables/table/obs/density/0",
                "sample1.zarr/tables/table/obs/elongation",
                "sample1.zarr/tables/table/obs/elongation/.zarray",
                "sample1.zarr/tables/table/obs/elongation/.zattrs",
                "sample1.zarr/tables/table/obs/elongation/0",
                "sample1.zarr/tables/table/obs/lifespan",
                "sample1.zarr/tables/table/obs/lifespan/.zarray",
                "sample1.zarr/tables/table/obs/lifespan/.zattrs",
                "sample1.zarr/tables/table/obs/lifespan/0",
                "sample1.zarr/tables/table/obs/max_cluster_frac",
                "sample1.zarr/tables/table/obs/max_cluster_frac/.zarray",
                "sample1.zarr/tables/table/obs/max_cluster_frac/.zattrs",
                "sample1.zarr/tables/table/obs/max_cluster_frac/0",
                "sample1.zarr/tables/table/obs/n_transcripts",
                "sample1.zarr/tables/table/obs/n_transcripts/.zarray",
                "sample1.zarr/tables/table/obs/n_transcripts/.zattrs",
                "sample1.zarr/tables/table/obs/n_transcripts/0",
                "sample1.zarr/tables/table/obs/region",
                "sample1.zarr/tables/table/obs/region/.zattrs",
                "sample1.zarr/tables/table/obs/region/.zgroup",
                "sample1.zarr/tables/table/obs/region/categories",
                "sample1.zarr/tables/table/obs/region/categories/.zarray",
                "sample1.zarr/tables/table/obs/region/categories/.zattrs",
                "sample1.zarr/tables/table/obs/region/categories/0",
                "sample1.zarr/tables/table/obs/region/codes",
                "sample1.zarr/tables/table/obs/region/codes/.zarray",
                "sample1.zarr/tables/table/obs/region/codes/.zattrs",
                "sample1.zarr/tables/table/obs/region/codes/0",
                "sample1.zarr/tables/table/obs/slide",
                "sample1.zarr/tables/table/obs/slide/.zattrs",
                "sample1.zarr/tables/table/obs/slide/.zgroup",
                "sample1.zarr/tables/table/obs/slide/categories",
                "sample1.zarr/tables/table/obs/slide/categories/.zarray",
                "sample1.zarr/tables/table/obs/slide/categories/.zattrs",
                "sample1.zarr/tables/table/obs/slide/categories/0",
                "sample1.zarr/tables/table/obs/slide/codes",
                "sample1.zarr/tables/table/obs/slide/codes/.zarray",
                "sample1.zarr/tables/table/obs/slide/codes/.zattrs",
                "sample1.zarr/tables/table/obs/slide/codes/0",
                "sample1.zarr/tables/table/obs/x",
                "sample1.zarr/tables/table/obs/x/.zarray",
                "sample1.zarr/tables/table/obs/x/.zattrs",
                "sample1.zarr/tables/table/obs/x/0",
                "sample1.zarr/tables/table/obs/y",
                "sample1.zarr/tables/table/obs/y/.zarray",
                "sample1.zarr/tables/table/obs/y/.zattrs",
                "sample1.zarr/tables/table/obs/y/0",
                "sample1.zarr/tables/table/obsm",
                "sample1.zarr/tables/table/obsm/.zattrs",
                "sample1.zarr/tables/table/obsm/.zgroup",
                "sample1.zarr/tables/table/obsm/intensities",
                "sample1.zarr/tables/table/obsm/intensities/.zattrs",
                "sample1.zarr/tables/table/obsm/intensities/.zgroup",
                "sample1.zarr/tables/table/obsm/intensities/CD20",
                "sample1.zarr/tables/table/obsm/intensities/CD20/.zarray",
                "sample1.zarr/tables/table/obsm/intensities/CD20/.zattrs",
                "sample1.zarr/tables/table/obsm/intensities/CD20/0",
                "sample1.zarr/tables/table/obsm/intensities/CD3",
                "sample1.zarr/tables/table/obsm/intensities/CD3/.zarray",
                "sample1.zarr/tables/table/obsm/intensities/CD3/.zattrs",
                "sample1.zarr/tables/table/obsm/intensities/CD3/0",
                "sample1.zarr/tables/table/obsm/intensities/CK",
                "sample1.zarr/tables/table/obsm/intensities/CK/.zarray",
                "sample1.zarr/tables/table/obsm/intensities/CK/.zattrs",
                "sample1.zarr/tables/table/obsm/intensities/CK/0",
                "sample1.zarr/tables/table/obsm/intensities/DAPI",
                "sample1.zarr/tables/table/obsm/intensities/DAPI/.zarray",
                "sample1.zarr/tables/table/obsm/intensities/DAPI/.zattrs",
                "sample1.zarr/tables/table/obsm/intensities/DAPI/0",
                "sample1.zarr/tables/table/obsm/intensities/_index",
                "sample1.zarr/tables/table/obsm/intensities/_index/.zarray",
                "sample1.zarr/tables/table/obsm/intensities/_index/.zattrs",
                "sample1.zarr/tables/table/obsm/intensities/_index/0",
                "sample1.zarr/tables/table/obsm/spatial",
                "sample1.zarr/tables/table/obsm/spatial/.zarray",
                "sample1.zarr/tables/table/obsm/spatial/.zattrs",
                "sample1.zarr/tables/table/obsm/spatial/0",
                "sample1.zarr/tables/table/obsm/spatial/0/0",
                "sample1.zarr/tables/table/obsp",
                "sample1.zarr/tables/table/obsp/.zattrs",
                "sample1.zarr/tables/table/obsp/.zgroup",
                "sample1.zarr/tables/table/uns",
                "sample1.zarr/tables/table/uns/.zattrs",
                "sample1.zarr/tables/table/uns/.zgroup",
                "sample1.zarr/tables/table/uns/sopa_attrs",
                "sample1.zarr/tables/table/uns/sopa_attrs/.zattrs",
                "sample1.zarr/tables/table/uns/sopa_attrs/.zgroup",
                "sample1.zarr/tables/table/uns/sopa_attrs/intensities",
                "sample1.zarr/tables/table/uns/sopa_attrs/intensities/.zarray",
                "sample1.zarr/tables/table/uns/sopa_attrs/intensities/.zattrs",
                "sample1.zarr/tables/table/uns/sopa_attrs/intensities/0",
                "sample1.zarr/tables/table/uns/sopa_attrs/transcripts",
                "sample1.zarr/tables/table/uns/sopa_attrs/transcripts/.zarray",
                "sample1.zarr/tables/table/uns/sopa_attrs/transcripts/.zattrs",
                "sample1.zarr/tables/table/uns/sopa_attrs/transcripts/0",
                "sample1.zarr/tables/table/uns/spatialdata_attrs",
                "sample1.zarr/tables/table/uns/spatialdata_attrs/.zattrs",
                "sample1.zarr/tables/table/uns/spatialdata_attrs/.zgroup",
                "sample1.zarr/tables/table/uns/spatialdata_attrs/instance_key",
                "sample1.zarr/tables/table/uns/spatialdata_attrs/instance_key/.zarray",
                "sample1.zarr/tables/table/uns/spatialdata_attrs/instance_key/.zattrs",
                "sample1.zarr/tables/table/uns/spatialdata_attrs/instance_key/0",
                "sample1.zarr/tables/table/uns/spatialdata_attrs/region",
                "sample1.zarr/tables/table/uns/spatialdata_attrs/region/.zarray",
                "sample1.zarr/tables/table/uns/spatialdata_attrs/region/.zattrs",
                "sample1.zarr/tables/table/uns/spatialdata_attrs/region/0",
                "sample1.zarr/tables/table/uns/spatialdata_attrs/region_key",
                "sample1.zarr/tables/table/uns/spatialdata_attrs/region_key/.zarray",
                "sample1.zarr/tables/table/uns/spatialdata_attrs/region_key/.zattrs",
                "sample1.zarr/tables/table/uns/spatialdata_attrs/region_key/0",
                "sample1.zarr/tables/table/var",
                "sample1.zarr/tables/table/var/.zattrs",
                "sample1.zarr/tables/table/var/.zgroup",
                "sample1.zarr/tables/table/var/Name",
                "sample1.zarr/tables/table/var/Name/.zarray",
                "sample1.zarr/tables/table/var/Name/.zattrs",
                "sample1.zarr/tables/table/var/Name/0",
                "sample1.zarr/tables/table/varm",
                "sample1.zarr/tables/table/varm/.zattrs",
                "sample1.zarr/tables/table/varm/.zgroup",
                "sample1.zarr/tables/table/varp",
                "sample1.zarr/tables/table/varp/.zattrs",
                "sample1.zarr/tables/table/varp/.zgroup",
                "sample1.zarr/zmetadata"
            ],
            [
                "adata.h5ad:md5,b99fb116c855dd567dfb1a9db78e630d",
                "analysis.zarr.zip:md5,2b571c412cbab1b3f21eb698ab1fa2bb",
                "analysis_summary.html:md5,b91531236f90975706b5cb4da5658e45",
                "cell_feature_matrix.zarr.zip:md5,5c4336ac64ca2b6e97ba13bc2bc806e4",
                "cells.zarr.zip:md5,b9103195f416a8517a5363d770e8fb64",
                "experiment.xenium:md5,930e1ffd92856368d030108998aa6bcf",
                "morphology.ome.tif:md5,dbb0ecd47ddb7268826590a9c7d2b6e2",
                "transcripts.zarr.zip:md5,69daf25eefcdfd0acf33b139b8af1ff4",
                ".zattrs:md5,468d8bdc77d7e7f172d4b4fe83b57aec",
                ".zgroup:md5,e20297935e73dd0154104d4ea53040ab",
                ".zgroup:md5,e20297935e73dd0154104d4ea53040ab",
                ".zattrs:md5,5b3c6f476c3c21982958e18271dd834b",
                ".zgroup:md5,e20297935e73dd0154104d4ea53040ab",
                ".zarray:md5,721b4e50f69cf172cded07c10e1d932d",
                "0:md5,94d082c5dbba1860c82e14ceafab82d9",
                "1:md5,de228035c7935e884b4a1af8dc4903ac",
                "2:md5,5af87bde48de5aa97ab6c5e3c779d3ed",
                "3:md5,290456bdd4f13f815684d7df2bc8beb1",
                "0:md5,cba8f18aee7db1db6e0337f829f38966",
                "1:md5,59bf54f6f8a70534ccb107f989a359e8",
                "2:md5,563f4d52c2a274ee07b1c2e903c8e053",
                "3:md5,5dc4e93210483696e4b8ccd261b59ea4",
                "0:md5,1d3cb0e10d08bb661f9bba1e9539b3d0",
                "1:md5,6c497854befbd0fbc27df2f15dd6620a",
                "2:md5,5acfcfc8b05f5937b96dc5e330f00241",
                "3:md5,59af25140054c5fa5659295c0810adbc",
                "0:md5,232acc572558367ff84e63299d4e2890",
                "1:md5,604ec2d55485b819025f15d6cb25c3d1",
                "2:md5,db580bfe58001e49f7a7f5e75748bc69",
                "3:md5,b00f1bb37e6ebf8ef0a70cf5e8c8f023",
                ".zarray:md5,1d79c377c95e96c290e57dcc65615d81",
                "0:md5,d432d2bc0120c7cf91718b4f24f040c5",
                "1:md5,7095884e5e1e9baac3a24d15ba0c1f7b",
                "0:md5,af3a01b79d9633b67415a78b472a5ff2",
                "1:md5,d5b194a88cfcc4939f402d1e06fb6b7d",
                ".zarray:md5,b5fe837c88ee52d35dbee2ec3a30cf17",
                "0:md5,0328d110d9c6fac7bc5e091ab14e32e1",
                ".zattrs:md5,cc30adb0bbb0e6f2be88d24170817966",
                ".zgroup:md5,e20297935e73dd0154104d4ea53040ab",
                ".zarray:md5,c3de494758677af82d809ca2e4763c63",
                "0:md5,d17ebfa93d74471f6ff65aa9c0504025",
                "1:md5,2338504a672e7656bdb5300d60f7353a",
                "0:md5,09a64f9aa09225e293d8d0c85d40abb0",
                "1:md5,12ab66f310ab8ebffc2a178a9008523e",
                "0:md5,8de482cb5a33656da5bac20dfb38b0fb",
                "1:md5,2716f328ef2e4ae7bdd2aebece4cc81a",
                "0:md5,a68ca3a7c3d5ccea0df3edc682672538",
                "1:md5,e18bcf5aa4b9aa00b724efe4b7fc9a08",
                "0:md5,fb949cda7000fc864a1c371655d73e67",
                "1:md5,228aed44f36d6c96e0ae385cfdbf59d7",
                "0:md5,278c4ece169c3fe37444f22acb704640",
                "1:md5,320dae82e5e926f94c26ca0c496a94be",
                "0:md5,a8495ec0ddbadd638100cc09925ff060",
                "1:md5,5e1f8a06ee1b586ed10d84e51695f34d",
                "0:md5,063c83056f4b951a13a719326fb7d61a",
                "1:md5,0e9f2432ab893f8fac56226edbb7243c",
                ".zgroup:md5,e20297935e73dd0154104d4ea53040ab",
                ".zattrs:md5,441f7caee25d9885acd5cc2c1d93a5a2",
                ".zgroup:md5,e20297935e73dd0154104d4ea53040ab",
                "part.0.parquet:md5,c9c4d7276a3c94db134f483387d07a46",
                ".zattrs:md5,ee46fa68c2832b7ec6e1914b53d5514e",
                ".zgroup:md5,e20297935e73dd0154104d4ea53040ab",
                "part.0.parquet:md5,3f65a56c60088849fad3eb9fac81dccf",
                ".zgroup:md5,e20297935e73dd0154104d4ea53040ab",
                ".zattrs:md5,8aa5c75ed9d029182869f7373c6ecf64",
                ".zgroup:md5,e20297935e73dd0154104d4ea53040ab",
                "shapes.parquet:md5,c38e97ebb6cd99a5b82d896a509ef44d",
                ".zattrs:md5,37c0eabf77e69009a9f0c878e69ea262",
                ".zgroup:md5,e20297935e73dd0154104d4ea53040ab",
                "shapes.parquet:md5,ef7522c0a19ea52dbdb2b326d17920ef",
                ".zattrs:md5,8aa5c75ed9d029182869f7373c6ecf64",
                ".zgroup:md5,e20297935e73dd0154104d4ea53040ab",
                "shapes.parquet:md5,b34bef8f7cbfa4afde6248fd9b583e17",
                ".zgroup:md5,e20297935e73dd0154104d4ea53040ab",
                ".zattrs:md5,3c1153c408aa65830c7bcb1e1d8bb95c",
                ".zgroup:md5,e20297935e73dd0154104d4ea53040ab",
                ".zattrs:md5,e911a77b89028968997e31ef4ae8f3fd",
                ".zgroup:md5,e20297935e73dd0154104d4ea53040ab",
                ".zarray:md5,d97fa6aac3c1e31ac8f063cfa6ef45ed",
                "0:md5,2edcf911ffae955e8af206c676e46176",
                ".zarray:md5,f35f756335ecca127805892acb3446ac",
                "0:md5,658447ab7083c9abe08a0aa4877430b2",
                ".zarray:md5,3cb811d2bca83f0476e967a5da170b32",
                "0:md5,43bcaf0de534ea35e6b3d43033bf3ecb",
                ".zattrs:md5,8d5893138e4f007b40857e2a95bbc5f1",
                ".zgroup:md5,e20297935e73dd0154104d4ea53040ab",
                ".zattrs:md5,92f87df8db38b72048b57c1ee79efc8b",
                ".zgroup:md5,e20297935e73dd0154104d4ea53040ab",
                ".zarray:md5,bb87fb4a6945a5a359042f5324176561",
                ".zattrs:md5,c6759c37f5968bbe26a24623923e9002",
                "0:md5,69b1e70f0b030acb7485ebbf46192af8",
                ".zarray:md5,01fcf7ad459df92750a0b20bbee3b1f6",
                ".zattrs:md5,a5993752ffd33ab722d89eb624a05434",
                "0:md5,d39ce6a12540d904be1d6f93394a6f44",
                ".zarray:md5,01fcf7ad459df92750a0b20bbee3b1f6",
                ".zattrs:md5,a5993752ffd33ab722d89eb624a05434",
                "0:md5,e810810afebb4d1c81c5b477d2671ba6",
                ".zarray:md5,01fcf7ad459df92750a0b20bbee3b1f6",
                ".zattrs:md5,a5993752ffd33ab722d89eb624a05434",
                "0:md5,4b661f9e4ecbd857a8c39fd63f98a65d",
                ".zarray:md5,01fcf7ad459df92750a0b20bbee3b1f6",
                ".zattrs:md5,a5993752ffd33ab722d89eb624a05434",
                "0:md5,d73333540eff16046b4c9a72a2381d0b",
                ".zarray:md5,bb87fb4a6945a5a359042f5324176561",
                ".zattrs:md5,c6759c37f5968bbe26a24623923e9002",
                "0:md5,69b1e70f0b030acb7485ebbf46192af8",
                ".zarray:md5,b065dc1a1b6475d54f860b38242df2a5",
                ".zattrs:md5,a5993752ffd33ab722d89eb624a05434",
                "0:md5,1a3295a6b607fa49a9a807c469c51db6",
                ".zarray:md5,01fcf7ad459df92750a0b20bbee3b1f6",
                ".zattrs:md5,a5993752ffd33ab722d89eb624a05434",
                "0:md5,ed9631257270e7d26e4ba2a40be44ab8",
                ".zarray:md5,01fcf7ad459df92750a0b20bbee3b1f6",
                ".zattrs:md5,a5993752ffd33ab722d89eb624a05434",
                "0:md5,b16ed13afed41b40c01b48d33c34580d",
                ".zarray:md5,b065dc1a1b6475d54f860b38242df2a5",
                ".zattrs:md5,a5993752ffd33ab722d89eb624a05434",
                "0:md5,26df974c870e751314547e56b3edf7cf",
                ".zarray:md5,01fcf7ad459df92750a0b20bbee3b1f6",
                ".zattrs:md5,a5993752ffd33ab722d89eb624a05434",
                "0:md5,1866e8900fdd247568c7b2eeda5d2f0b",
                ".zarray:md5,b065dc1a1b6475d54f860b38242df2a5",
                ".zattrs:md5,a5993752ffd33ab722d89eb624a05434",
                "0:md5,e3ca9a3f912e0744b0b20ffa6d68ba8c",
                ".zattrs:md5,ee9e2561ffa06a8a5b93ea6c0eff7377",
                ".zgroup:md5,e20297935e73dd0154104d4ea53040ab",
                ".zarray:md5,8b7c1d3908cae5d4c2eddfc0369a608d",
                ".zattrs:md5,c6759c37f5968bbe26a24623923e9002",
                "0:md5,100a15803cb99808902bb1a08782fcde",
                ".zarray:md5,9d9cf1604114bd639534be1fa4670a6a",
                ".zattrs:md5,a5993752ffd33ab722d89eb624a05434",
                "0:md5,d1162df124e951ef17e5ceb745229c7f",
                ".zattrs:md5,ee9e2561ffa06a8a5b93ea6c0eff7377",
                ".zgroup:md5,e20297935e73dd0154104d4ea53040ab",
                ".zarray:md5,8b7c1d3908cae5d4c2eddfc0369a608d",
                ".zattrs:md5,c6759c37f5968bbe26a24623923e9002",
                "0:md5,32b134819930c1668568f00fe06b1f3f",
                ".zarray:md5,9d9cf1604114bd639534be1fa4670a6a",
                ".zattrs:md5,a5993752ffd33ab722d89eb624a05434",
                "0:md5,d1162df124e951ef17e5ceb745229c7f",
                ".zarray:md5,01fcf7ad459df92750a0b20bbee3b1f6",
                ".zattrs:md5,a5993752ffd33ab722d89eb624a05434",
                "0:md5,d6b42ee3824f92681738328913741405",
                ".zarray:md5,01fcf7ad459df92750a0b20bbee3b1f6",
                ".zattrs:md5,a5993752ffd33ab722d89eb624a05434",
                "0:md5,e0cf3e6d4da7d726f829398bb4c8377b",
                ".zattrs:md5,8d5893138e4f007b40857e2a95bbc5f1",
                ".zgroup:md5,e20297935e73dd0154104d4ea53040ab",
                ".zattrs:md5,6a687a49c45c3c33dc209f5ba155f570",
                ".zgroup:md5,e20297935e73dd0154104d4ea53040ab",
                ".zarray:md5,01fcf7ad459df92750a0b20bbee3b1f6",
                ".zattrs:md5,a5993752ffd33ab722d89eb624a05434",
                "0:md5,d472efc1af6c079e4d56c58f3f9151a7",
                ".zarray:md5,01fcf7ad459df92750a0b20bbee3b1f6",
                ".zattrs:md5,a5993752ffd33ab722d89eb624a05434",
                "0:md5,355225de3e754a7b7271ffd228a11ede",
                ".zarray:md5,01fcf7ad459df92750a0b20bbee3b1f6",
                ".zattrs:md5,a5993752ffd33ab722d89eb624a05434",
                "0:md5,160434d5ab436de0632690d3b8d27fa0",
                ".zarray:md5,01fcf7ad459df92750a0b20bbee3b1f6",
                ".zattrs:md5,a5993752ffd33ab722d89eb624a05434",
                "0:md5,9493aa4b5595b92bda096e4488bf8164",
                ".zarray:md5,bb87fb4a6945a5a359042f5324176561",
                ".zattrs:md5,c6759c37f5968bbe26a24623923e9002",
                "0:md5,69b1e70f0b030acb7485ebbf46192af8",
                ".zarray:md5,75b96529271bc3bea0ea858a2d806af6",
                ".zattrs:md5,a5993752ffd33ab722d89eb624a05434",
                "0:md5,70c5c61b59c3c256b45fa3ad19d6811c",
                ".zattrs:md5,8d5893138e4f007b40857e2a95bbc5f1",
                ".zgroup:md5,e20297935e73dd0154104d4ea53040ab",
                ".zattrs:md5,8d5893138e4f007b40857e2a95bbc5f1",
                ".zgroup:md5,e20297935e73dd0154104d4ea53040ab",
                ".zattrs:md5,8d5893138e4f007b40857e2a95bbc5f1",
                ".zgroup:md5,e20297935e73dd0154104d4ea53040ab",
                ".zarray:md5,288aba90e17cb1a4b685961c18909db1",
                ".zattrs:md5,1c65af9c8d0b8dd51a848664c302b40d",
                "0:md5,55a54008ad1ba589aa210d2629c1df41",
                ".zarray:md5,288aba90e17cb1a4b685961c18909db1",
                ".zattrs:md5,1c65af9c8d0b8dd51a848664c302b40d",
                "0:md5,55a54008ad1ba589aa210d2629c1df41",
                ".zattrs:md5,8d5893138e4f007b40857e2a95bbc5f1",
                ".zgroup:md5,e20297935e73dd0154104d4ea53040ab",
                ".zarray:md5,d36903528917a9947829b4c7d5b0b7a6",
                ".zattrs:md5,1a7eb7e8b68cabba6dac4016c39515b8",
                "0:md5,b89bade7bc089319a4e8242aad70f400",
                ".zarray:md5,4ee0db9305c15160aebaf22522f71168",
                ".zattrs:md5,1a7eb7e8b68cabba6dac4016c39515b8",
                "0:md5,bfa256e795018a86db00dd0c33da88cb",
                ".zarray:md5,8fc125cd69697992f7c1a452d6a2100c",
                ".zattrs:md5,1a7eb7e8b68cabba6dac4016c39515b8",
                "0:md5,db5579ad8d3db867ffbb022212fd396f",
                ".zattrs:md5,f48d2e14ce3dc64acbd124ad18536369",
                ".zgroup:md5,e20297935e73dd0154104d4ea53040ab",
                ".zarray:md5,3d6614c23dc86ac26d2c09fc6c73f57b",
                ".zattrs:md5,c6759c37f5968bbe26a24623923e9002",
                "0:md5,2dd7044a9f867f9fe479c01709dd76d5",
                ".zattrs:md5,8d5893138e4f007b40857e2a95bbc5f1",
                ".zgroup:md5,e20297935e73dd0154104d4ea53040ab",
                ".zattrs:md5,8d5893138e4f007b40857e2a95bbc5f1",
                ".zgroup:md5,e20297935e73dd0154104d4ea53040ab",
                "zmetadata:md5,e50f7a50b909b3dc4650609f1c05480b"
            ]
        ],
        "meta": {
            "nf-test": "0.9.2",
            "nextflow": "25.04.6"
        },
        "timestamp": "2025-07-11T13:34:58.295593"
    }
}